// Jest Snapshot v1, https://goo.gl/fbAQLP

exports[`Spinner Component overlayEnabled is necessary to render child 1`] = `
<div>
  <div
    className="rclDefaultSpinner"
    others={null}
    overlayEnabled={true}
    spinner={true}
  />
</div>
`;

exports[`Spinner Component should render correctly 1`] = `""`;

exports[`Spinner Component should render renderDotSpinner 1`] = `
<div>
  <div
    className="renderDotSpinner"
    others={null}
    overlayEnabled={true}
  >
    <div
      className="renderDotSpinner--dot"
    />
    <div
      className="renderDotSpinner--dot"
    />
    <div
      className="renderDotSpinner--dot"
    />
  </div>
</div>
`;
