// Jest Snapshot v1, https://goo.gl/fbAQLP

exports[`HomePage component should render correctly 1`] = `
<Connect(Layout)>
  <HeadTag
    description="Universal React - boilerplate for server side rendered react applications"
    title="Universal React - boilerplate"
  />
  <withStyles
    title="Test Title"
  />
  <section
    className="wrapper"
  >
    <div
      className="inner"
    >
      <h2>
        Why Universal React?
      </h2>
      <p>
        A community accepted and reliable XT Dev Ecosystem, that can be utilized as baseline for development of all types of projects, to achieve dependable delivery standards. This ecosystem doesn't intend to provide lot of out of the box code/components but a well configured development environment and delivery pipeline, having balanced focus to Static Code Quality, Performance, Processes, Security, Testability and Best Practices. This boilerplate will help project teams in building applications with great quality, by giving them more time to focus on business problems rather than web development chores.
      </p>
      <h2>
        Entities of this Ecosystem
      </h2>
      <ul>
        <li>
          <strong>
            Development Environment:
          </strong>
          Storybook integrated for developing and showcasing components.
        </li>
        <li>
          <strong>
            Flow typed:
          </strong>
          All components are FlowTyped and Flow Type checked.
        </li>
        <li>
          <strong>
            Static Code Quality checks and formatting:
          </strong>
          Javascript and CSS linting using Eslint, Stylelint and Prettier.
        </li>
        <li>
          <strong>
            Component scaffolding:
          </strong>
          Consistently generate components using Plop.
        </li>
        <li>
          <strong>
            Git Hooks:
          </strong>
          Pre-commit, Pre-push and pre-publish using Husky.
        </li>
        <li>
          <strong>
            Unit testing framework:
          </strong>
          with Jest and Enzyme.
        </li>
        <li>
          <strong>
            Theme and Styling:
          </strong>
          with Styled Components.
        </li>
        <li>
          <strong>
            Next.js:
          </strong>
          to render react application server side and more.
        </li>
        <li>
          <strong>
            PWA:
          </strong>
          application.
        </li>
        <li>
          <strong>
            Dynamic Authoring:
          </strong>
          of pages with headless CMS.
        </li>
      </ul>
      <h2>
        Main Technology Dependencies
      </h2>
      <ol>
        <li>
          React
        </li>
        <li>
          Next.js
        </li>
        <li>
          Redux
        </li>
        <li>
          Node.js
        </li>
      </ol>
      <h2>
        Installation
      </h2>
      <p>
        Fork the repository & install dependencies using the yarn/npm command line tools.
      </p>
      <pre>
        yarn install
      </pre>
      <pre>
        yarn run flow:install
      </pre>
      <p>
        flow:install will search the
        <Anchor
          as=""
          className=""
          forceClick={false}
          handleLinkClick={[Function]}
          href="https://github.com/flow-typed/flow-typed/blob/master/README.md"
          inheritedStyles=""
          scroll={false}
          shallow={false}
          target=""
        >
          libdef
        </Anchor>
        repo and download all the libdefs that are relevant for our project and install them for us.
      </p>
      <h2>
        Topics to ramp-up
      </h2>
      <ul>
        <li>
          <Anchor
            as=""
            className=""
            forceClick={false}
            handleLinkClick={[Function]}
            inheritedStyles=""
            scroll={false}
            shallow={false}
            target=""
            to="https://github.com/pagesource/universal-react/blob/master/readme/02-DevelopmentTools.md"
          >
            Development Tools
          </Anchor>
        </li>
        <li>
          <Anchor
            as=""
            className=""
            forceClick={false}
            handleLinkClick={[Function]}
            inheritedStyles=""
            scroll={false}
            shallow={false}
            target=""
            to="https://github.com/pagesource/universal-react/blob/master/readme/07-QualityControl.md"
          >
            Static Code Linters and Code Formatter
          </Anchor>
        </li>
        <li>
          <Anchor
            as=""
            className=""
            forceClick={false}
            handleLinkClick={[Function]}
            href="http://bradfrost.com/blog/post/atomic-web-design/"
            inheritedStyles=""
            rel="nofollow"
            scroll={false}
            shallow={false}
            target=""
          >
            Atomic Design
          </Anchor>
        </li>
        <li>
          <Anchor
            as=""
            className=""
            forceClick={false}
            handleLinkClick={[Function]}
            inheritedStyles=""
            scroll={false}
            shallow={false}
            target=""
            to="https://github.com/pagesource/universal-react/blob/master/readme/04-FolderStructure.md"
          >
            Folder Structure
          </Anchor>
        </li>
        <li>
          <Anchor
            as=""
            className=""
            forceClick={false}
            handleLinkClick={[Function]}
            inheritedStyles=""
            scroll={false}
            shallow={false}
            target=""
            to="https://github.com/pagesource/universal-react/blob/master/readme/03-Generators.md"
          >
            Component Scaffolding
          </Anchor>
        </li>
        <li>
          <Anchor
            as=""
            className=""
            forceClick={false}
            handleLinkClick={[Function]}
            inheritedStyles=""
            scroll={false}
            shallow={false}
            target=""
            to="https://github.com/pagesource/universal-react/blob/master/readme/05-FlowType.md"
          >
            Flow Type
          </Anchor>
        </li>
        <li>
          <Anchor
            as=""
            className=""
            forceClick={false}
            handleLinkClick={[Function]}
            inheritedStyles=""
            scroll={false}
            shallow={false}
            target=""
            to="https://github.com/pagesource/universal-react/blob/master/readme/07-QualityControl.md#husky"
          >
            Husky
          </Anchor>
        </li>
        <li>
          <Anchor
            as=""
            className=""
            forceClick={false}
            handleLinkClick={[Function]}
            inheritedStyles=""
            scroll={false}
            shallow={false}
            target=""
            to="https://github.com/pagesource/universal-react/blob/master/readme/06-Storybook.md"
          >
            Storybook
          </Anchor>
        </li>
        <li>
          <Anchor
            as=""
            className=""
            forceClick={false}
            handleLinkClick={[Function]}
            inheritedStyles=""
            scroll={false}
            shallow={false}
            target=""
            to="https://github.com/pagesource/universal-react/blob/master/readme/08-Test.md"
          >
            Running The Tests
          </Anchor>
        </li>
      </ul>
    </div>
  </section>
</Connect(Layout)>
`;
