// Jest Snapshot v1, https://goo.gl/fbAQLP

exports[`<NavBar /> should render correctly 1`] = `
<nav>
  Test
</nav>
`;

exports[`<NavBar /> should render correctly 2`] = `
<nav>
  <ul>
    <li
      key="0"
      role="none"
    >
      <Link
        href="/1"
      >
        <a
          role="menuitem"
        >
          Link 1
        </a>
      </Link>
    </li>
    <li
      key="1"
      role="none"
    >
      <Link
        href="/2"
      >
        <a
          role="menuitem"
        >
          Link 2
        </a>
      </Link>
    </li>
  </ul>
</nav>
`;
